How to create pull docker images and create container 
Web console: https://kvmnode:9090/ or https://192.168.29.23:9090/

Last login: Mon Apr  7 16:35:48 2025
[root@kvmnode ~]# virsh list --all
 Id   Name            State
--------------------------------
 -    cephcluster01   shut off
 -    cephcluster02   shut off
 -    cephcluster03   shut off
 -    jenkins         shut off
 -    masterbm-01     shut off
 -    workerbm-01     shut off
 -    workerbm-02     shut off

[root@kvmnode ~]# virsh start jenkins
Domain 'jenkins' started

[root@kvmnode ~]# virsh list --all
 Id   Name            State
--------------------------------
 1    jenkins         running
 -    cephcluster01   shut off
 -    cephcluster02   shut off
 -    cephcluster03   shut off
 -    masterbm-01     shut off
 -    workerbm-01     shut off
 -    workerbm-02     shut off

[root@jenkins ~]# docker images
REPOSITORY   TAG       IMAGE ID       CREATED       SIZE
alpine       latest    aded1e1a5b37   7 weeks ago   7.83MB

Login Succeeded
[root@jenkins ~]# docker logout
Removing login credentials for https://index.docker.io/v1/
[root@jenkins ~]# docker login

USING WEB-BASED LOGIN

i Info → To sign in with credentials on the command line, use 'docker login -u <username>'


Your one-time device confirmation code is: VDVL-FNWK
Press ENTER to open your browser or submit your device code here: https://login.docker.com/activate

Waiting for authentication in the browser…
^Clogin canceled
[root@jenkins ~]# docker login vikasmathur001
Username: vikasmathur001

i Info → A Personal Access Token (PAT) can be used instead.
         To create a PAT, visit https://app.docker.com/settings


Password:
Error response from daemon: Get "https://vikasmathur001/v2/": dial tcp: lookup vikasmathur001 on 8.8.8.8:53: no such host
[root@jenkins ~]# vikasmathur001
^C
[root@jenkins ~]# docker login -u vikasmathur001

i Info → A Personal Access Token (PAT) can be used instead.
         To create a PAT, visit https://app.docker.com/settings


Password:

WARNING! Your credentials are stored unencrypted in '/root/.docker/config.json'.
Configure a credential helper to remove this warning. See
https://docs.docker.com/go/credential-store/

Login Succeeded
[root@jenkins ~]# docker pull centos7
Using default tag: latest
Error response from daemon: pull access denied for centos7, repository does not exist or may require 'docker login': denied: requested access to the resource is denied
[root@jenkins ~]# docker pull centos:7
7: Pulling from library/centos
2d473b07cdd5: Pull complete
Digest: sha256:be65f488b7764ad3638f236b7b515b3678369a5124c47b8d32916d6487418ea4
Status: Downloaded newer image for centos:7
docker.io/library/centos:7
[root@jenkins ~]# docker pull ubuntu:latest
latest: Pulling from library/ubuntu
5a7813e071bf: Pull complete
Digest: sha256:72297848456d5d37d1262630108ab308d3e9ec7ed1c3286a32fe09856619a782
Status: Downloaded newer image for ubuntu:latest
docker.io/library/ubuntu:latest
[root@jenkins ~]# [root@jenkins ~]# docker login -u vikasmathur001

i Info → A Personal Access Token (PAT) can be used instead.
         To create a PAT, visit https://app.docker.com/settings


Password:

WARNING! Your credentials are stored unencrypted in '/root/.docker/config.json'.
Configure a credential helper to remove this warning. See
https://docs.docker.com/go/credential-store/

Login Succeeded
[root@jenkins ~]# docker pull centos7
Using default tag: latest
Error response from daemon: pull access denied for centos7, repository does not exist or may require 'docker login': denied: requested access to the resource is denied
[root@jenkins ~]# docker pull centos:7
7: Pulling from library/centos
2d473b07cdd5: Pull complete
Digest: sha256:be65f488b7764ad3638f236b7b515b3678369a5124c47b8d32916d6487418ea4
Status: Downloaded newer image for centos:7
docker.io/library/centos:7
[root@jenkins ~]#
^C
[root@jenkins ~]#
[root@jenkins ~]#
[root@jenkins ~]#
[root@jenkins ~]#
[root@jenkins ~]# docker images
REPOSITORY   TAG       IMAGE ID       CREATED        SIZE
alpine       latest    aded1e1a5b37   7 weeks ago    7.83MB
ubuntu       latest    a04dc4851cbc   2 months ago   78.1MB
centos       7         eeb6ee3f44bd   3 years ago    204MB

[root@jenkins ~]# docker run --name vikasmathur -dit aded1e1a5b37
f74d77261dafda512d361a6bfb31a73c4a65ef46d9557abe77f4e10aad0a1b8e
[root@jenkins ~]# docker ps -a
CONTAINER ID   IMAGE          COMMAND     CREATED         STATUS         PORTS     NAMES
f74d77261daf   aded1e1a5b37   "/bin/sh"   7 seconds ago   Up 7 seconds             vikasmathur

[root@jenkins ~]#
[root@jenkins ~]# docker exec -it f74d77261daf bash

[root@jenkins ~]# docker exec -it f74d77261daf /bin/sh
/ # ls -l
total 8
drwxr-xr-x    2 root     root          4096 Feb 13 23:04 bin
drwxr-xr-x    5 root     root           360 Apr  7 11:52 dev
drwxr-xr-x    1 root     root            66 Apr  7 11:52 etc
drwxr-xr-x    2 root     root             6 Feb 13 23:04 home
drwxr-xr-x    6 root     root           127 Feb 13 23:04 lib
drwxr-xr-x    5 root     root            44 Feb 13 23:04 media
drwxr-xr-x    2 root     root             6 Feb 13 23:04 mnt
drwxr-xr-x    2 root     root             6 Feb 13 23:04 opt
dr-xr-xr-x  203 root     root             0 Apr  7 11:52 proc
drwx------    1 root     root            26 Apr  7 12:01 root
drwxr-xr-x    3 root     root            18 Feb 13 23:04 run
drwxr-xr-x    2 root     root          4096 Feb 13 23:04 sbin
drwxr-xr-x    2 root     root             6 Feb 13 23:04 srv
dr-xr-xr-x   13 root     root             0 Apr  7 11:14 sys
drwxrwxrwt    2 root     root             6 Feb 13 23:04 tmp
drwxr-xr-x    7 root     root            66 Feb 13 23:04 usr
drwxr-xr-x   11 root     root           137 Feb 13 23:04 var
/ # cat /etc/resolv.conf
# Generated by Docker Engine.
# This file can be edited; Docker Engine will not make further changes once it
# has been modified.

nameserver 8.8.8.8
nameserver 8.8.4.4

# Based on host file: '/etc/resolv.conf' (legacy)
# Overrides: []
/ #

\


[root@jenkins ~]# docker ps
CONTAINER ID   IMAGE          COMMAND     CREATED          STATUS          PORTS     NAMES
f74d77261daf   aded1e1a5b37   "/bin/sh"   24 minutes ago   Up 24 minutes             vikasmathur
[root@jenkins ~]# docker stop f74d77261daf
f74d77261daf
[root@jenkins ~]# docker ps
CONTAINER ID   IMAGE     COMMAND   CREATED   STATUS    PORTS     NAMES
[root@jenkins ~]# docker ps -a
CONTAINER ID   IMAGE          COMMAND     CREATED          STATUS                       PORTS     NAMES
f74d77261daf   aded1e1a5b37   "/bin/sh"   24 minutes ago   Exited (137) 6 seconds ago             vikasmathur
[root@jenkins ~]#

HOW TO COLLECT LOGS 

podman logs 63ba2016885b > abc.log 2>&1, this is way to collect the logs 


This tells the shell to redirect file descriptor 2 (stderr) (i.e., error messages) to file descriptor 1 (stdout) — so both logs and errors go into the same file.


#################################

How to remove docker containers 

[root@jenkins ~]# docker rm -f  55246c3f7815 199963fb71d7 13f139c65502 d353964ca3b2 ddb518285003 d021878fbbca  f74d77261daf
55246c3f7815
199963fb71d7
13f139c65502
d353964ca3b2
ddb518285003
d021878fbbca
f74d77261daf
[root@jenkins ~]#













HOW to Do port forward in container 





[root@jenkins ~]# docker pull nginx
Using default tag: latest
latest: Pulling from library/nginx
6e909acdb790: Pull complete
5eaa34f5b9c2: Pull complete
417c4bccf534: Pull complete
e7e0ca015e55: Pull complete
373fe654e984: Pull complete
97f5c0f51d43: Pull complete
c22eb46e871a: Pull complete
Digest: sha256:124b44bfc9ccd1f3cedf4b592d4d1e8bddb78b51ec2ed5056c52d3692baebc19
Status: Downloaded newer image for nginx:latest
docker.io/library/nginx:latest
[root@jenkins ~]# docker ps -a
CONTAINER ID   IMAGE          COMMAND       CREATED          STATUS          PORTS     NAMES
4e6637e2daab   eeb6ee3f44bd   "/bin/bash"   17 minutes ago   Up 17 minutes             test01

[root@jenkins ~]# docker images
REPOSITORY   TAG       IMAGE ID       CREATED        SIZE
alpine       latest    aded1e1a5b37   7 weeks ago    7.83MB
nginx        latest    53a18edff809   2 months ago   192MB
ubuntu       latest    a04dc4851cbc   2 months ago   78.1MB
centos       7         eeb6ee3f44bd   3 years ago    204MB
[root@jenkins ~]# docker rm --name webserver -dit -P 53a18edff809

[root@jenkins ~]# docker run --name webserver -dit -P 53a18edff809
b82afa8d98850c487fd05d0fe25667a7b1a9bef8a92d904445cf0e71b3cd7f65
[root@jenkins ~]# docker ps -a
CONTAINER ID   IMAGE          COMMAND                  CREATED          STATUS          PORTS                                       NAMES
b82afa8d9885   53a18edff809   "/docker-entrypoint.…"   5 seconds ago    Up 4 seconds    0.0.0.0:32768->80/tcp, [::]:32768->80/tcp   webserver
4e6637e2daab   eeb6ee3f44bd   "/bin/bash"              18 minutes ago   Up 18 minutes                                               test01

[root@jenkins ~]# curl http://localhost:32768
<!DOCTYPE html>
<html>
<head>
<title>Welcome to nginx!</title>
<style>
html { color-scheme: light dark; }
body { width: 35em; margin: 0 auto;
font-family: Tahoma, Verdana, Arial, sans-serif; }
</style>
</head>
<body>
<h1>Welcome to nginx!</h1>
<p>If you see this page, the nginx web server is successfully installed and
working. Further configuration is required.</p>

<p>For online documentation and support please refer to
<a href="http://nginx.org/">nginx.org</a>.<br/>
Commercial support is available at
<a href="http://nginx.com/">nginx.com</a>.</p>

<p><em>Thank you for using nginx.</em></p>
</body>
</html>
[root@jenkins ~]#

